Switch#show run
Building configuration...

Current configuration : 3508 bytes
!
! Last configuration change at 04:42:51 UTC Wed Jun 26 2024
!
version 15.2
service timestamps debug datetime msec
service timestamps log datetime msec
no service password-encryption
service compress-config
!
hostname Switch
!
boot-start-marker
boot-end-marker
!
!
!
no aaa new-model
!
!
!
!
!
!
!
!
ip cef
no ipv6 cef
!
!
!
spanning-tree mode rapid-pvst
spanning-tree extend system-id
!
vlan internal allocation policy ascending
!
!
!
!
!
!
!
!
!
!
!
!
!
!
interface GigabitEthernet0/0
 media-type rj45
 negotiation auto
!
interface GigabitEthernet0/1
 media-type rj45
 negotiation auto
!
interface GigabitEthernet0/2
 media-type rj45
 negotiation auto
!
interface GigabitEthernet0/3
 media-type rj45
 negotiation auto
!
interface GigabitEthernet1/0
 media-type rj45
 negotiation auto
!
interface GigabitEthernet1/1
 media-type rj45
 negotiation auto
!
interface GigabitEthernet1/2
 media-type rj45
 negotiation auto
!
interface GigabitEthernet1/3
 media-type rj45
 negotiation auto
!
interface GigabitEthernet2/0
 media-type rj45
 negotiation auto
!
interface GigabitEthernet2/1
 media-type rj45
 negotiation auto
!
interface GigabitEthernet2/2
 media-type rj45
 negotiation auto
!
interface GigabitEthernet2/3
 media-type rj45
 negotiation auto
!
interface GigabitEthernet3/0
 media-type rj45
 negotiation auto
!
interface GigabitEthernet3/1
 media-type rj45
 negotiation auto
!
interface GigabitEthernet3/2
 media-type rj45
 negotiation auto
!
interface GigabitEthernet3/3
 media-type rj45
 negotiation auto
!
ip forward-protocol nd
!
no ip http server
no ip http secure-server
!
!
!
!
!
!
control-plane
!
banner exec ^C
**************************************************************************
* IOSv is strictly limited to use for evaluation, demonstration and IOS  *
* education. IOSv is provided as-is and is not supported by Cisco's      *
* Technical Advisory Center. Any use or disclosure, in whole or in part, *
* of the IOSv Software or Documentation to any third party for any       *
* purposes is expressly prohibited except as otherwise authorized by     *
* Cisco in writing.                                                      *
**************************************************************************^C
banner incoming ^C
**************************************************************************
* IOSv is strictly limited to use for evaluation, demonstration and IOS  *
* education. IOSv is provided as-is and is not supported by Cisco's      *
* Technical Advisory Center. Any use or disclosure, in whole or in part, *
* of the IOSv Software or Documentation to any third party for any       *
* purposes is expressly prohibited except as otherwise authorized by     *
* Cisco in writing.                                                      *
**************************************************************************^C
banner login ^C
**************************************************************************
* IOSv is strictly limited to use for evaluation, demonstration and IOS  *
* education. IOSv is provided as-is and is not supported by Cisco's      *
* Technical Advisory Center. Any use or disclosure, in whole or in part, *
* of the IOSv Software or Documentation to any third party for any       *
* purposes is expressly prohibited except as otherwise authorized by     *
* Cisco in writing.                                                      *
**************************************************************************^C
!
line con 0
line aux 0
line vty 0 4
!
!
end

Switch#

































Switch con0 is now available





Press RETURN to get started.





**************************************************************************
* IOSv is strictly limited to use for evaluation, demonstration and IOS  *
* education. IOSv is provided as-is and is not supported by Cisco's      *
* Technical Advisory Center. Any use or disclosure, in whole or in part, *
* of the IOSv Software or Documentation to any third party for any       *
* purposes is expressly prohibited except as otherwise authorized by     *
* Cisco in writing.                                                      *
**************************************************************************
Switch>en
Switch#conf t
Enter configuration commands, one per line.  End with CNTL/Z.
Switch(config)#vlan 10
Switch(config-vlan)#vlan 20
Switch(config-vlan)#int g0/1
Switch(config-if)#s
Switch(config-if)#ssw
Switch(config-if)#sw
Switch(config-if)#switchport mo
Switch(config-if)#switchport mode acc
Switch(config-if)#switchport mode access
Switch(config-if)#sw
Switch(config-if)#switchport acc
Switch(config-if)#switchport access vlan 10
Switch(config-if)#int g0/2
Switch(config-if)#sw
Switch(config-if)#switchport acc
Switch(config-if)#switchport mo
Switch(config-if)#switchport mode acc
Switch(config-if)#switchport mode access
Switch(config-if)#sw
Switch(config-if)#switchport acc
Switch(config-if)#switchport access vlan 20
Switch(config-if)#int g0/0
Switch(config-if)#sw
Switch(config-if)#switchport tru
Switch(config-if)#switchport trunk ex
Switch(config-if)#switchport trunk enx
Switch(config-if)#switchport trunk enc
Switch(config-if)#switchport trunk encapsulation dot1q
Switch(config-if)#sw
Switch(config-if)#switchport mod
Switch(config-if)#switchport mode tru
Switch(config-if)#switchport mode trunk
Switch(config-if)#

































Switch con0 is now available





Press RETURN to get started.







*Jun 26 05:06:14.200: %SYS-5-CONFIG_I: Configured from console by console
**************************************************************************
* IOSv is strictly limited to use for evaluation, demonstration and IOS  *
* education. IOSv is provided as-is and is not supported by Cisco's      *
* Technical Advisory Center. Any use or disclosure, in whole or in part, *
* of the IOSv Software or Documentation to any third party for any       *
* purposes is expressly prohibited except as otherwise authorized by     *
* Cisco in writing.                                                      *
**************************************************************************
Switch>show run
             ^
% Invalid input detected at '^' marker.

Switch>en
Switch#show run
Building configuration...

Current configuration : 3671 bytes
!
! Last configuration change at 05:06:14 UTC Wed Jun 26 2024
!
version 15.2
service timestamps debug datetime msec
service timestamps log datetime msec
no service password-encryption
service compress-config
!
hostname Switch
!
boot-start-marker
boot-end-marker
!
!
!
no aaa new-model
!
!
!
!
!
!
!
!
ip cef
no ipv6 cef
!
!
!
spanning-tree mode rapid-pvst
spanning-tree extend system-id
!
vlan internal allocation policy ascending
!
!
!
!
!
!
!
!
!
!
!
!
!
!
interface GigabitEthernet0/0
 switchport trunk encapsulation dot1q
 switchport mode trunk
 media-type rj45
 negotiation auto
!
interface GigabitEthernet0/1
 switchport access vlan 10
 switchport mode access
 media-type rj45
 negotiation auto
!
interface GigabitEthernet0/2
 switchport access vlan 20
 switchport mode access
 media-type rj45
 negotiation auto
!
interface GigabitEthernet0/3
 media-type rj45
 negotiation auto
!
interface GigabitEthernet1/0
 media-type rj45
 negotiation auto
!
interface GigabitEthernet1/1
 media-type rj45
 negotiation auto
!
interface GigabitEthernet1/2
 media-type rj45
 negotiation auto
!
interface GigabitEthernet1/3
 media-type rj45
 negotiation auto
!
interface GigabitEthernet2/0
 media-type rj45
 negotiation auto
!
interface GigabitEthernet2/1
 media-type rj45
 negotiation auto
!
interface GigabitEthernet2/2
 media-type rj45
 negotiation auto
!
interface GigabitEthernet2/3
 media-type rj45
 negotiation auto
!
interface GigabitEthernet3/0
 media-type rj45
 negotiation auto
!
interface GigabitEthernet3/1
 media-type rj45
 negotiation auto
!
interface GigabitEthernet3/2
 media-type rj45
 negotiation auto
!
interface GigabitEthernet3/3
 media-type rj45
 negotiation auto
!
ip forward-protocol nd
!
no ip http server
no ip http secure-server
!
!
!
!
!
!
control-plane
!
banner exec ^C
**************************************************************************
* IOSv is strictly limited to use for evaluation, demonstration and IOS  *
* education. IOSv is provided as-is and is not supported by Cisco's      *
* Technical Advisory Center. Any use or disclosure, in whole or in part, *
* of the IOSv Software or Documentation to any third party for any       *
* purposes is expressly prohibited except as otherwise authorized by     *
* Cisco in writing.                                                      *
**************************************************************************^C
banner incoming ^C
**************************************************************************
* IOSv is strictly limited to use for evaluation, demonstration and IOS  *
* education. IOSv is provided as-is and is not supported by Cisco's      *
* Technical Advisory Center. Any use or disclosure, in whole or in part, *
* of the IOSv Software or Documentation to any third party for any       *
* purposes is expressly prohibited except as otherwise authorized by     *
* Cisco in writing.                                                      *
**************************************************************************^C
banner login ^C
**************************************************************************
* IOSv is strictly limited to use for evaluation, demonstration and IOS  *
* education. IOSv is provided as-is and is not supported by Cisco's      *
* Technical Advisory Center. Any use or disclosure, in whole or in part, *
* of the IOSv Software or Documentation to any third party for any       *
* purposes is expressly prohibited except as otherwise authorized by     *
* Cisco in writing.                                                      *
**************************************************************************^C
!
line con 0
line aux 0
line vty 0 4
!
!
end
